// Jest Snapshot v1, https://goo.gl/fbAQLP

exports[`sexy description renders 1`] = `
.c0 {
  color: #93855B;
  font-family: 'Caveat',cursive;
  font-size: 1.125rem;
  font-weight: normal;
  -webkit-letter-spacing: .175rem;
  -moz-letter-spacing: .175rem;
  -ms-letter-spacing: .175rem;
  letter-spacing: .175rem;
  margin: 0;
  text-align: center;
  -webkit-transition: -webkit-transform 0.5s;
  -webkit-transition: transform 0.5s;
  transition: transform 0.5s;
}

@media (min-width:992px) {
  .c0 {
    font-size: 1.5rem;
  }
}

<h2
  class="c0"
>
  Description
</h2>
`;
