// Jest Snapshot v1, https://goo.gl/fbAQLP

exports[`button renders 1`] = `
.c0 {
  -webkit-align-items: center;
  -webkit-box-align: center;
  -ms-flex-align: center;
  align-items: center;
  background-color: #FFECB1;
  border-radius: 8px;
  color: #756A47;
  display: -webkit-box;
  display: -webkit-flex;
  display: -ms-flexbox;
  display: flex;
  font-size: 2rem;
  font-variant: small-caps;
  gap: 16px;
  height: 66px;
  -webkit-box-pack: center;
  -webkit-justify-content: center;
  -ms-flex-pack: center;
  justify-content: center;
  -webkit-letter-spacing: 0.1rem;
  -moz-letter-spacing: 0.1rem;
  -ms-letter-spacing: 0.1rem;
  letter-spacing: 0.1rem;
  max-width: 300px;
  min-width: 200px;
  padding: 8px;
  -webkit-text-decoration: none;
  text-decoration: none;
  -webkit-transition: -webkit-transform 0.5s;
  -webkit-transition: transform 0.5s;
  transition: transform 0.5s;
  width: 100%;
}

.c0:hover {
  box-shadow: 0px 4px 4px rgba(0,0,0,0.1);
  -webkit-transform: scale(102%);
  -ms-transform: scale(102%);
  transform: scale(102%);
}

<a
  class="c0"
  href="https://example.com"
  target="_blank"
  type="button"
>
  Button
</a>
`;
