// Jest Snapshot v1, https://goo.gl/fbAQLP

exports[`sexy title renders 1`] = `
.c0 {
  color: #F9D564;
  font-family: 'Dancing Script',cursive;
  font-size: 2.5rem;
  font-weight: bold;
  -webkit-letter-spacing: 0.1em;
  -moz-letter-spacing: 0.1em;
  -ms-letter-spacing: 0.1em;
  letter-spacing: 0.1em;
  margin: 0;
  text-align: center;
  -webkit-transition: -webkit-transform 0.5s;
  -webkit-transition: transform 0.5s;
  transition: transform 0.5s;
}

@media (min-width:992px) {
  .c0 {
    font-size: 4rem;
  }
}

<h1
  class="c0"
>
  Title
</h1>
`;
