// Jest Snapshot v1, https://goo.gl/fbAQLP

exports[`menu item renders 1`] = `
.c1 {
  color: #93855B;
  cursor: pointer;
  display: inline-block;
  font-weight: normal;
  -webkit-letter-spacing: 0.1rem;
  -moz-letter-spacing: 0.1rem;
  -ms-letter-spacing: 0.1rem;
  letter-spacing: 0.1rem;
  -webkit-text-decoration: none;
  text-decoration: none;
  -webkit-transition: -webkit-transform 0.5s,color 0.5s,padding 0.5s;
  -webkit-transition: transform 0.5s,color 0.5s,padding 0.5s;
  transition: transform 0.5s,color 0.5s,padding 0.5s;
}

.c1:hover {
  color: #756A47;
  -webkit-text-decoration: none;
  text-decoration: none;
}

.c1:hover {
  -webkit-transform: translateY(-4px);
  -ms-transform: translateY(-4px);
  transform: translateY(-4px);
}

.c0 {
  list-style-type: none;
  position: relative;
}

<li
  class="c0"
>
  <a
    class="c1"
    href="#one"
  >
    Menu One
  </a>
</li>
`;
