// Jest Snapshot v1, https://goo.gl/fbAQLP

exports[`icon renders 1`] = `
.c0 {
  width: 64px;
  height: 64px;
  border-radius: 50%;
}

<img
  alt="Alternative text."
  class="c0"
  size="64"
  src="https://github.com/Wafflus"
/>
`;
